// Jest Snapshot v1, https://goo.gl/fbAQLP

exports[`Index page matches snapshot 1`] = `
<DocumentFragment>
  <div>
    <button
      class="text-xl"
    >
      Boop
    </button>
  </div>
</DocumentFragment>
`;
