// Jest Snapshot v1, https://goo.gl/fbAQLP

exports[`TodoItem component matches snapshot 1`] = `
<DocumentFragment>
  <table>
    <tbody>
      <tr
        class="bg-white border-b dark:bg-gray-800 dark:border-gray-700"
      >
        <td
          class="px-6 py-4 text-sm text-gray-500 whitespace-nowrap dark:text-gray-400"
        >
          test
        </td>
        <td
          class="px-6 py-4 text-sm text-gray-500 capitalize whitespace-nowrap dark:text-gray-400"
        >
          false
        </td>
        <td
          class="px-6 py-4 text-sm font-medium text-right whitespace-nowrap"
        >
          <button
            class="text-blue-600 dark:text-blue-500 hover:underline"
          >
            Toggle completed
          </button>
          <button
            class="ml-4 text-red-600 hover:underline"
          >
            Delete
          </button>
        </td>
      </tr>
    </tbody>
  </table>
</DocumentFragment>
`;
