// Jest Snapshot v1, https://goo.gl/fbAQLP

exports[`TodoList component matches snapshot 1`] = `
<DocumentFragment>
  <div
    class="flex flex-col"
  >
    <div
      class="overflow-x-auto sm:-mx-6 lg:-mx-8"
    >
      <div
        class="inline-block min-w-full py-2 sm:px-6 lg:px-8"
      >
        <div
          class="overflow-hidden shadow-md sm:rounded-lg"
        >
          <table
            class="min-w-full"
          >
            <thead
              class="bg-gray-50 dark:bg-gray-700"
            >
              <tr>
                <th
                  class="w-2/3 px-6 py-3 text-xs font-medium tracking-wider text-left text-gray-700 uppercase dark:text-gray-400"
                  scope="col"
                >
                  Description
                </th>
                <th
                  class="w-1/4 px-6 py-3 text-xs font-medium tracking-wider text-left text-gray-700 uppercase dark:text-gray-400"
                  scope="col"
                >
                  Completed
                </th>
                <th
                  class="relative px-6 py-3"
                  scope="col"
                >
                  Actions
                </th>
              </tr>
            </thead>
            <tbody>
              <tr
                class="bg-white border-b dark:bg-gray-800 dark:border-gray-700"
              >
                <td
                  class="px-6 py-4 text-sm text-gray-500 whitespace-nowrap dark:text-gray-400"
                >
                  test
                </td>
                <td
                  class="px-6 py-4 text-sm text-gray-500 capitalize whitespace-nowrap dark:text-gray-400"
                >
                  false
                </td>
                <td
                  class="px-6 py-4 text-sm font-medium text-right whitespace-nowrap"
                >
                  <button
                    class="text-blue-600 dark:text-blue-500 hover:underline"
                  >
                    Toggle completed
                  </button>
                  <button
                    class="ml-4 text-red-600 hover:underline"
                  >
                    Delete
                  </button>
                </td>
              </tr>
            </tbody>
          </table>
        </div>
      </div>
    </div>
  </div>
</DocumentFragment>
`;
