// Jest Snapshot v1, https://goo.gl/fbAQLP

exports[`NewTodo component matches snapshot 1`] = `
<DocumentFragment>
  <form>
    <div
      class="mb-6"
    >
      <label
        class="block mb-2 text-sm font-medium text-gray-900 dark:text-gray-300"
        for="description"
      >
        Description
      </label>
      <input
        class="bg-gray-50 border border-gray-300 text-gray-900 text-sm rounded-lg focus:ring-blue-700 focus:border-blue-700 block w-full p-2.5 dark:bg-gray-700 dark:border-gray-600 dark:placeholder-gray-400 dark:text-white dark:focus:ring-blue-700 dark:focus:border-blue-700"
        id="description"
        required=""
        type="text"
        value=""
      />
    </div>
    <button
      class="text-white bg-blue-500 hover:bg-blue-800 focus:ring-4 focus:ring-blue-300 font-medium rounded-lg text-sm w-full sm:w-auto px-5 py-2.5 text-center dark:bg-blue-600 dark:hover:bg-blue-700 dark:focus:ring-blue-800"
      type="submit"
    >
      Insert
    </button>
  </form>
</DocumentFragment>
`;
